// Jest Snapshot v1, https://goo.gl/fbAQLP

exports[`tests on the <GifGridItem /> component should display the <GifGridItem /> component correctly 1`] = `
<div
  className="card animate__animated animate__fadeIn animate__delay-2s"
>
  <img
    alt="One Punch Man GIF"
    src="\\"https://media2.giphy.com/media/VXJWhaO7afRe/giphy.gif?cid=14cc3d561t7fzi4lu9a0uzxjbo3z5g7di6uhuhzc9go1k0b6&rid=giphy.gif&ct=g\\""
  />
  <p>
    title
  </p>
</div>
`;
